// Jest Snapshot v1, https://goo.gl/fbAQLP

exports[`Shoud PrivateRoute render correctly 1`] = `null`;
