// Jest Snapshot v1, https://goo.gl/fbAQLP

exports[`withOpenedCondition is rendered correctly 1`] = `<div />`;
