// Jest Snapshot v1, https://goo.gl/fbAQLP

exports[`withHandleForm is rendered correctly 1`] = `<div />`;
