// Jest Snapshot v1, https://goo.gl/fbAQLP

exports[`Should Favorites render correctly 1`] = `
<div
  className="page false"
>
  <main
    className="page__main page__main--favorites false"
  >
    <div
      className="page__favorites-container container"
    >
      <section
        className="favorites false"
      >
        <h1
          className="favorites__title"
        >
          Saved listing
        </h1>
        <ul
          className="favorites__list"
        >
          <li
            className="favorites__locations-items"
          >
            <div
              className="favorites__locations locations locations--current"
            >
              <div
                className="locations__item"
              >
                <a
                  className="locations__item-link"
                  href="#"
                >
                  <span>
                    Paris
                  </span>
                </a>
              </div>
            </div>
            <div
              className="places__list favorites__list "
            >
              <article
                className="place-card favorites__card "
                onMouseEnter={null}
                onMouseLeave={null}
              >
                <div
                  className="place-card__mark"
                >
                  <span>
                    Premium
                  </span>
                </div>
                <div
                  className="place-card__image-wrapper favorites__image-wrapper"
                >
                  <a
                    href="#"
                  >
                    <img
                      alt="Place image"
                      className="place-card__image"
                      height="200"
                      src="img/apartment-01.jpg"
                      width="260"
                    />
                  </a>
                </div>
                <div
                  className="place-card__info"
                >
                  <div
                    className="place-card__price-wrapper"
                  >
                    <div
                      className="place-card__price"
                    >
                      <b
                        className="place-card__price-value"
                      >
                        €
                        120
                      </b>
                      <span
                        className="place-card__price-text"
                      >
                        / night
                      </span>
                    </div>
                    <a
                      className="place-card__bookmark-button  button"
                      href="/login"
                      onClick={[Function]}
                      type="button"
                    >
                      <svg
                        className="place-card__bookmark-icon"
                        height="19"
                        width="18"
                      >
                        <use
                          xlinkHref="#icon-bookmark"
                        />
                      </svg>
                      <span
                        className="visually-hidden"
                      >
                        To
                         bookmarks
                      </span>
                    </a>
                  </div>
                  <div
                    className="place-card__rating rating"
                  >
                    <div
                      className="place-card__stars rating__stars"
                    >
                      <span
                        style={
                          Object {
                            "width": "80%",
                          }
                        }
                      />
                      <span
                        className="visually-hidden"
                      >
                        Rating
                      </span>
                    </div>
                  </div>
                  <h2
                    className="place-card__name"
                  >
                    <a
                      href="/offer/1"
                      onClick={[Function]}
                    >
                      Beautiful & luxurious apartment at great location
                    </a>
                  </h2>
                  <p
                    className="place-card__type"
                  >
                    Apartment
                  </p>
                </div>
              </article>
              <article
                className="place-card favorites__card "
                onMouseEnter={null}
                onMouseLeave={null}
              >
                
                <div
                  className="place-card__image-wrapper favorites__image-wrapper"
                >
                  <a
                    href="#"
                  >
                    <img
                      alt="Place image"
                      className="place-card__image"
                      height="200"
                      src="img/room.jpg"
                      width="260"
                    />
                  </a>
                </div>
                <div
                  className="place-card__info"
                >
                  <div
                    className="place-card__price-wrapper"
                  >
                    <div
                      className="place-card__price"
                    >
                      <b
                        className="place-card__price-value"
                      >
                        €
                        80
                      </b>
                      <span
                        className="place-card__price-text"
                      >
                        / night
                      </span>
                    </div>
                    <a
                      className="place-card__bookmark-button  button"
                      href="/login"
                      onClick={[Function]}
                      type="button"
                    >
                      <svg
                        className="place-card__bookmark-icon"
                        height="19"
                        width="18"
                      >
                        <use
                          xlinkHref="#icon-bookmark"
                        />
                      </svg>
                      <span
                        className="visually-hidden"
                      >
                        To
                         bookmarks
                      </span>
                    </a>
                  </div>
                  <div
                    className="place-card__rating rating"
                  >
                    <div
                      className="place-card__stars rating__stars"
                    >
                      <span
                        style={
                          Object {
                            "width": "80%",
                          }
                        }
                      />
                      <span
                        className="visually-hidden"
                      >
                        Rating
                      </span>
                    </div>
                  </div>
                  <h2
                    className="place-card__name"
                  >
                    <a
                      href="/offer/2"
                      onClick={[Function]}
                    >
                      Wood and stone place
                    </a>
                  </h2>
                  <p
                    className="place-card__type"
                  >
                    Hotel
                  </p>
                </div>
              </article>
            </div>
          </li>
        </ul>
      </section>
    </div>
  </main>
  <footer
    className="footer container"
  >
    <a
      className="footer__logo-link"
      href="/"
      onClick={[Function]}
    >
      <img
        alt="6 cities logo"
        className="footer__logo"
        height="33"
        src="img/logo.svg"
        width="64"
      />
    </a>
  </footer>
</div>
`;
