// Jest Snapshot v1, https://goo.gl/fbAQLP

exports[`withHoveredOffer is rendered correctly 1`] = `<div />`;
